[cheryllao.me/index.html]
[backblue.gif]
[fade.gif]
[index.html]
[cheryllao.me/images/reza.jpg]
[cheryllao.me/css/bootstrap.min.css]
[cheryllao.me/css/owl.carousel.css]
[cheryllao.me/css/owl.theme.css]
[cheryllao.me/css/magnific-popup.css]
[cheryllao.me/css/style.css]
[cheryllao.me/css/responsive.css]
[aframe.io/releases/1.4.0/aframe.min.js]
[cheryllao.me/images/logo-big.png]
[cheryllao.me/index-2.html]
[cheryllao.me/images/logo.png]
[cheryllao.me/Cheryl_Lao_Resume.pdf]
[cheryllao.me/Cheryl_Lao_CV.pdf]
[cheryllao.me/images/CherylRaytraced.gif]
[cheryllao.me/artistStatement.html]
[cheryllao.me/images/IdyllicIsland.png]
[cheryllao.me/IdyllicIslandFinalReport.pdf]
[cheryllao.me/images/SiteScrubber.jpg]
[cheryllao.me/images/chickadeeWings.png]
[cheryllao.me/images/cardinal.png]
[cheryllao.me/images/bw-1.png]
[cheryllao.me/images/bw-3.png]
[cheryllao.me/images/bw-4.png]
[cheryllao.me/images/bw-6.png]
[cheryllao.me/js/jquery-1.9.1.min.js]
[cheryllao.me/js/jquery.appear.js]
[cheryllao.me/js/bootstrap.min.js]
[cheryllao.me/js/classie.js]
[cheryllao.me/js/owl.carousel.min.js]
[cheryllao.me/js/jquery.magnific-popup.min.js]
[cheryllao.me/js/masonry.pkgd.min.js]
[cheryllao.me/js/masonry.js]
[cheryllao.me/js/smooth-scroll.min.js]
[cheryllao.me/js/typed.js]
[cheryllao.me/js/main.js]
[cheryllao.me/index.html]
[cheryllao.me/fonts/glyphicons-halflings-regular.eot]
[cheryllao.me/fonts/glyphicons-halflings-regulard41d.eot]
[cheryllao.me/fonts/glyphicons-halflings-regular.woff2]
[cheryllao.me/fonts/glyphicons-halflings-regular.woff]
[cheryllao.me/fonts/glyphicons-halflings-regular.ttf]
[cheryllao.me/fonts/glyphicons-halflings-regular.svg]
[cheryllao.me/css/bootstrap.min.css]
[cheryllao.me/css/owl.carousel.css]
[cheryllao.me/css/AjaxLoader.gif]
[cheryllao.me/css/owl.theme.css]
[cheryllao.me/css/magnific-popup.css]
[cheryllao.me/fonts/Glyphter.eot]
[cheryllao.me/fonts/Glyphterd41d]
[cheryllao.me/fonts/Glyphter.woff]
[cheryllao.me/fonts/Glyphter.ttf]
[cheryllao.me/fonts/Glyphter.svg]
[cheryllao.me/images/loader.gif]
[cheryllao.me/images/testimonial-bg.jpg]
[cheryllao.me/css/style.css]
[cheryllao.me/css/responsive.css]
[cheryllao.me/index-2.html]
[cheryllao.me/artistStatement.html]
[cheryllao.me/fonts/glyphicons-halflings-regular.html]
[cheryllao.me/fonts/glyphicons-halflings-regulard41d.html]
[cheryllao.me/fonts/glyphicons-halflings-regular-2.html]
[cheryllao.me/fonts/glyphicons-halflings-regular-3.html]
[cheryllao.me/fonts/glyphicons-halflings-regular-4.html]
[cheryllao.me/fonts/glyphicons-halflings-regular-5.html]
[cheryllao.me/css/AjaxLoader.html]
[cheryllao.me/fonts/Glyphterd41d.html]
[cheryllao.me/fonts/Glyphter.svg]
[cheryllao.me/images/testimonial-bg.html]
[media.giphy.com/media/2tNvsKkc0qFdNhJmKk/giphy.gif]
